# vsim -do {run -all; quit -f} -l ../reports/tb_upgrade.log -lib msim_work -c tb_upgrade 
# ** Note: (vsim-3812) Design is being optimized...
# 
# //  ModelSim SE-64 10.1c Jul 28 2012 
# //
# //  Copyright 1991-2012 Mentor Graphics Corporation
# //  All Rights Reserved.
# //
# //  THIS WORK CONTAINS TRADE SECRET AND PROPRIETARY INFORMATION
# //  WHICH IS THE PROPERTY OF MENTOR GRAPHICS CORPORATION OR ITS
# //  LICENSORS AND IS SUBJECT TO LICENSE TERMS.
# //
# Loading work.tb_upgrade(fast)
# run -all 
# PASS display blank after reset
# PASS no commit outside vblank
# PASS commit exactly at vblank
# PASS second buffer retained until next blank
# PASS second commit acknowledged
# PASS safe control reset defaults
# PASS next command
# PASS command is one cycle
# PASS previous command
# PASS pause resume toggle
# PASS volume clamps high
# PASS volume clamps low
# PASS mute toggle
# PASS OSD toggle
# PASS unknown command rejected
# PASS brightness clamps high
# PASS brightness clamps low
# PASS 40-column OSD covers its first status row
# PASS OSD bypass
# PASS RGB positive saturation
# PASS RGB negative saturation
# PASS YCbCr black
# PASS YCbCr white
# PASS YCbCr red
# PASS 1280 pixels with exact SOF and EOL
# PASS SOF rearms on next frame
# PASS EDID checksum accepted/rejected
# PASS EDID checksum accepted/rejected
# PASS 48kHz rational sample rate and mute
# PASS stereo test tone enabled
# ALL PASS tb_upgrade
# ** Note: $finish    : tb_upgrade.v(107)
#    Time: 382646 ns  Iteration: 0  Instance: /tb_upgrade
