# vsim -do {run -all; quit -f} -l ../reports/tb_uart_rx.log -lib msim_work -c tb_uart_rx 
# ** Note: (vsim-3812) Design is being optimized...
# 
# //  ModelSim SE-64 10.1c Jul 28 2012 
# //
# //  Copyright 1991-2012 Mentor Graphics Corporation
# //  All Rights Reserved.
# //
# //  THIS WORK CONTAINS TRADE SECRET AND PROPRIETARY INFORMATION
# //  WHICH IS THE PROPERTY OF MENTOR GRAPHICS CORPORATION OR ITS
# //  LICENSORS AND IS SUBJECT TO LICENSE TERMS.
# //
# Loading work.tb_uart_rx(fast)
# run -all 
# [PASS] ÿ”ÿÿÿ°ÿÿÿäÿÿÿ­ÿÿÿ‚
# [PASS] ÿÿ¬ ÿÿÿ­ÿÿÿ‚ == 0xA5
# [PASS] ÿÿ¬ ÿÿÿ­ÿÿÿ‚ == 0x3C
#    æ”¶åˆ° 2 ä¸ªå­—èŠ‚ï¼ša5 3c
# 
# === tb_uart_rx ALL PASS ===
# ** Note: $finish    : tb_uart_rx.v(81)
#    Time: 226700 ns  Iteration: 0  Instance: /tb_uart_rx
